---------------------------------------- SHOW ----------------------------------------
{
  pokemons: [
    { name: 'Pikachu' },
    { name: 'Charizard' },
    { name: 'Squirtle' },
    { name: 'Bulbasaur' },
    { name: 'Caterpie' },
    { name: 'Weedle' }
  ]
}