---------------------------------------- SHOW ----------------------------------------
true
---------------------------------------- SHOW ----------------------------------------
[
  { name: 'Pikachu', birthday: 1850-01-01T00:00:00.000Z },
  { name: 'Squirtle', birthday: 1910-01-01T00:00:00.000Z }
]