// Jest Snapshot v1, https://goo.gl/fbAQLP

exports[`accepts graphql DocumentNode as alternative to raw string 1`] = `
Object {
  "requests": Array [
    Object {
      "body": Object {
        "query": "{
  query {
    users
  }
}
",
      },
      "headers": Object {
        "accept": "*/*",
        "accept-encoding": "gzip,deflate",
        "connection": "close",
        "content-length": "45",
        "content-type": "application/json",
        "host": "DYNAMIC",
        "user-agent": "node-fetch/1.0 (+https://github.com/bitinn/node-fetch)",
      },
      "method": "POST",
    },
  ],
  "spec": Object {
    "body": Object {
      "data": Object {
        "foo": 1,
      },
    },
  },
}
`;
