// Vitest Snapshot v1

exports[`accepts graphql DocumentNode as alternative to raw string 1`] = `
{
  "requests": [
    {
      "body": {
        "query": "{
  query {
    users
  }
}",
      },
      "headers": {
        "accept": "*/*",
        "accept-encoding": "gzip,deflate",
        "connection": "close",
        "content-length": "43",
        "content-type": "application/json",
        "host": "DYNAMIC",
        "user-agent": "node-fetch/1.0 (+https://github.com/bitinn/node-fetch)",
      },
      "method": "POST",
    },
  ],
  "spec": {
    "body": {
      "data": {
        "foo": 1,
      },
    },
  },
}
`;
