---------------------------------------- SHOW ----------------------------------------
{
  trainers: [
    { name: 'Ash' },
    { name: 'Misty' },
    { name: 'Brock' },
    { name: 'Gary' }
  ]
}