---------------------------------------- SHOW ----------------------------------------
{
  "trainers": [
    {
      "name": "Ash",
      "pokemon": [
        {
          "name": "Pikachu"
        },
        {
          "name": "Charizard"
        }
      ]
    },
    {
      "name": "Misty",
      "pokemon": [
        {
          "name": "Squirtle"
        }
      ]
    },
    {
      "name": "Brock",
      "pokemon": []
    },
    {
      "name": "Gary",
      "pokemon": []
    }
  ]
}