Is the default preset true
The current transport is http