---------------------------------------- SHOW ----------------------------------------
[
  {
    "hp": 44,
    "name": "Squirtle"
  }
]